Script started on Thu 23 May 2019 02:57:19 PM JST
[root@www2 ~]# nmcli con down enp3s0
Connection 'enp3s0' successfully deactivated (D-Bus active path: /org/freedesktop/NetworkManager/ActiveConnection/1)
[root@www2 ~]# nmcli con up enp3s0
Connection successfully activated (D-Bus active path: /org/freedesktop/NetworkManager/ActiveConnection/2)
[root@www2 ~]# firewall-cmd --permanent --add-service=dhcpv6-client
Warning: ALREADY_ENABLED: dhcpv6-client
success
[root@www2 ~]# firewall-cmd --permanent -add-service=http
usage: see firewall-cmd man page
firewall-cmd: error: unrecognized arguments: -add-service=http
[root@www2 ~]# firewall-cmd --permanent --add-service=http
success
[root@www2 ~]# firewall-cmd --permanent --add-service=https
success
[root@www2 ~]# firewall-cmd reload
usage: see firewall-cmd man page
firewall-cmd: error: unrecognized arguments: reload
[root@www2 ~]# systemctl restart firewalld
[root@www2 ~]# exit

Script done on Thu 23 May 2019 02:59:01 PM JST
